

Total RAM in GB

              total        used        free      shared  buff/cache   available
Mem:             31           0          28           0           2          30
Swap:             0           0           0


Total CPUs available 

8


Total  storage space available for all mount point 

Filesystem      Size  Used Avail Use% Mounted on
udev             17G     0   17G   0% /dev
tmpfs           3.4G  783k  3.4G   1% /run
/dev/nvme0n1p1   63G  3.3G   60G   6% /
tmpfs            17G     0   17G   0% /dev/shm
tmpfs           5.3M     0  5.3M   0% /run/lock
tmpfs            17G     0   17G   0% /sys/fs/cgroup
/dev/loop0       19M   19M     0 100% /snap/amazon-ssm-agent/1480
/dev/loop1       94M   94M     0 100% /snap/core/8268
/dev/loop2       99M   99M     0 100% /snap/core/8935
/dev/loop3       19M   19M     0 100% /snap/amazon-ssm-agent/1566


Top 5 processes for root user (JENKINS)

14153 ?        00:00:00 head
14152 ?        00:00:00 sort
14151 ?        00:00:00 ps
14147 ?        00:00:00 sh
14145 ?        00:00:00 sh


Ports exposed and the associated processes

(No info could be read for "-p": geteuid()=1002 but you should be root.)
Active Internet connections (only servers)
Proto Recv-Q Send-Q Local Address           Foreign Address         State       PID/Program name    
tcp        0      0 127.0.0.53:53           0.0.0.0:*               LISTEN      -                   
tcp        0      0 0.0.0.0:22              0.0.0.0:*               LISTEN      -                   
tcp6       0      0 :::22                   :::*                    LISTEN      -                   
udp        0      0 127.0.0.53:53           0.0.0.0:*                           -                   
udp        0      0 172.31.48.174:68        0.0.0.0:*                           -                   


Files with their size and sorted

4.0K	CronTasks.sh
12K	jenkins-work
496K	CronJob-Logs


Folders with their size and sorted

drwxrwxr-x 2 jenkins jenkins 4.0K Apr  8 07:15 /home/jenkins/CronJob-Logs
-rwxrwxr-x 1 jenkins jenkins  807 Apr  7 20:24 /home/jenkins/CronTasks.sh
drwxrwxr-x 2 jenkins jenkins 4.0K Apr  7 22:20 /home/jenkins/jenkins-work
